// Vitest Snapshot v1, https://vitest.dev/guide/snapshot.html

exports[`JaafApp > Renders correctly 1`] = `
<div>
  <div
    style="--accent-color: hsl(264.70000000000005, 100%, 46.7%); --accent-color-light: hsl(264.70000000000005, 100%, 60.7%); --accent-color-dark: hsl(264.70000000000005, 100%, 32.7%); --accent-color-contrast: hsl(0, 0%, 100%); --background-color: hsl(0, 0%, 0%); --background-color-light: hsl(0, 0%, 0%); --background-color-dark: hsl(0, 0%, 0%); --background-color-contrast: hsl(0, 0%, 100%); --success-color: hsl(120, 100%, 50%); --success-color-light: hsl(120, 100%, 65%); --success-color-dark: hsl(120, 100%, 35%); --success-color-contrast: hsl(0, 0%, 0%); --info-color: hsl(240, 100%, 50%); --info-color-light: hsl(240, 100%, 65%); --info-color-dark: hsl(240, 100%, 35%); --info-color-contrast: hsl(0, 0%, 100%); --warning-color: hsl(38.80000000000001, 100%, 50%); --warning-color-light: hsl(38.80000000000001, 100%, 65%); --warning-color-dark: hsl(38.80000000000001, 100%, 35%); --warning-color-contrast: hsl(0, 0%, 0%); --error-color: hsl(0, 100%, 50%); --error-color-light: hsl(0, 100%, 65%); --error-color-dark: hsl(0, 100%, 35%); --error-color-contrast: hsl(0, 0%, 100%); background-color: var(--background-color); width: 100%; height: 100%;"
  >
    <div>
      TEST
    </div>
  </div>
</div>
`;
